Process 31992 exited: 0
Process 31993 exited: 0
Process 31994 exited: 0
