Process 31997 exited: 0
Process 31998 exited: 0
Process 31999 exited: 0
Process 32000 exited: 0
Process 32001 exited: 0
