Process 32004 exited: 0
Process 32005 exited: 0
Process 32006 exited: 1
Process 32007 exited: 0
Process 32008 exited: 1
Process 32009 exited: 0
Process 32010 exited: 0
Process 32011 exited: 1
Process 32012 exited: 0
Process 32013 exited: 0
Process 32014 exited: 0
Process 32015 exited: 0
Process 32016 exited: 0
Process 32017 exited: 0
Process 32018 exited: 0
Process 32019 exited: 0
