Process 32022 exited: 0
Process 32023 exited: 0
Process 32024 exited: 0
Process 32025 exited: 0
Process 32026 exited: 0
Process 32027 exited: 1
Process 32028 exited: 0
Process 32029 exited: 0
Process 32030 exited: 0
Process 32031 exited: 1
Process 32032 exited: 0
