Spawned child process 32035
Process 32036 exited: 0
Process 32037 exited: 0
Process 32039 exited: 1
Process 32040 exited: 0
Process 32038 exited: 0
Process 32042 exited: 0
Spawned child process 32043
Process 32045 exited: 0
Process 32046 exited: 71
Process 32044 exited: 0
Process 32041 exited: 0
