Process 32051 exited: 0
Process 32052 exited: 0
Process 32054 exited: 0
